[powerupsolarengineering.com/index.html]
[powerupsolarengineering.com/favicon.ico]
[backblue.gif]
[fade.gif]
[index.html]
[powerupsolarengineering.com/css/plugins/bootstrap.min.css]
[powerupsolarengineering.com/css/plugins/bootstrap-submenu.css]
[powerupsolarengineering.com/css/plugins/animate.min.css]
[powerupsolarengineering.com/css/plugins/nivo-slider.css]
[powerupsolarengineering.com/css/plugins/slick.css]
[powerupsolarengineering.com/css/plugins/magnific-popup.css]
[powerupsolarengineering.com/css/custom7b30.css]
[powerupsolarengineering.com/css/plugins/font-awesome-4.7.0/css/font-awesome.min.css]
[powerupsolarengineering.com/css/plugins/pace/themes/orange/pace-theme-corner-indicator.css]
[powerupsolarengineering.com/js/plugins/pace/pace.min.js]
[powerupsolarengineering.com/iconfont/style.css]
[powerupsolarengineering.com/images/bolt.gif]
[powerupsolarengineering.com/about.html]
[powerupsolarengineering.com/solar.html]
[powerupsolarengineering.com/services.html]
[powerupsolarengineering.com/gallery.html]
[powerupsolarengineering.com/safety.html]
[powerupsolarengineering.com/contact.html]
[powerupsolarengineering.com/clients.html]
[powerupsolarengineering.com/faq.html]
[powerupsolarengineering.com/images/slider/slide1.jpg]
[powerupsolarengineering.com/images/slider/slide2.jpg]
[powerupsolarengineering.com/images/slider/slide3.jpg]
[powerupsolarengineering.com/images/bulb-img-1.jpg]
[powerupsolarengineering.com/images/bulbmask.png]
[powerupsolarengineering.com/images/bulb-img-2.jpg]
[powerupsolarengineering.com/images/bulb-img-3.jpg]
[powerupsolarengineering.com/images/category-img-1.jpg]
[powerupsolarengineering.com/images/category-img-2.jpg]
[powerupsolarengineering.com/images/category-img-3.jpg]
[powerupsolarengineering.com/images/solar/tata-power-solar-logo.svg]
[powerupsolarengineering.com/js/jquery.js]
[powerupsolarengineering.com/js/plugins/bootstrap.min.js]
[powerupsolarengineering.com/js/plugins/jquery.nivo.slider.js]
[powerupsolarengineering.com/js/plugins/slick.min.js]
[powerupsolarengineering.com/js/plugins/jquery.magnific-popup.min.js]
[powerupsolarengineering.com/js/plugins/imagesloaded.pkgd.min.js]
[powerupsolarengineering.com/js/plugins/isotope.pkgd.min.js]
[powerupsolarengineering.com/index.html]
[powerupsolarengineering.com/js/custom.js]
[powerupsolarengineering.com/css/fonts/glyphicons-halflings-regular.eot]
[powerupsolarengineering.com/css/fonts/glyphicons-halflings-regulard41d.eot]
[powerupsolarengineering.com/css/fonts/glyphicons-halflings-regular.woff2]
[powerupsolarengineering.com/css/fonts/glyphicons-halflings-regular.woff]
[powerupsolarengineering.com/css/fonts/glyphicons-halflings-regular.ttf]
[powerupsolarengineering.com/css/fonts/glyphicons-halflings-regular.svg]
[powerupsolarengineering.com/css/plugins/bootstrap.min.css]
[powerupsolarengineering.com/css/plugins/bootstrap-submenu.css]
[powerupsolarengineering.com/css/plugins/animate.min.css]
[powerupsolarengineering.com/css/plugins/nivo-slider.css]
[powerupsolarengineering.com/css/plugins/slick.css]
[powerupsolarengineering.com/css/plugins/magnific-popup.css]
[powerupsolarengineering.com/images/block-bg.jpg]
[powerupsolarengineering.com/images/flash.png]
[powerupsolarengineering.com/images/ajax-loader.gif]
[powerupsolarengineering.com/css/custom7b30.css]
[powerupsolarengineering.com/css/plugins/font-awesome-4.7.0/fonts/fontawesome-webfont3e6e.eot]
[powerupsolarengineering.com/css/plugins/font-awesome-4.7.0/fonts/fontawesome-webfontd41d.eot]
[powerupsolarengineering.com/css/plugins/font-awesome-4.7.0/fonts/fontawesome-webfont3e6e.woff2]
[powerupsolarengineering.com/css/plugins/font-awesome-4.7.0/fonts/fontawesome-webfont3e6e.woff]
[powerupsolarengineering.com/css/plugins/font-awesome-4.7.0/fonts/fontawesome-webfont3e6e.ttf]
[powerupsolarengineering.com/css/plugins/font-awesome-4.7.0/css/font-awesome.min.css]
[powerupsolarengineering.com/css/plugins/pace/themes/orange/pace-theme-corner-indicator.css]
[powerupsolarengineering.com/css/plugins/font-awesome-4.7.0/fonts/fontawesome-webfont3e6e.svg]
[powerupsolarengineering.com/iconfont/fonts/Electrician255b.eot]
[powerupsolarengineering.com/iconfont/fonts/Electrician255b.ttf]
[powerupsolarengineering.com/iconfont/fonts/Electrician255b.woff]
[powerupsolarengineering.com/iconfont/fonts/Electrician255b.svg]
[powerupsolarengineering.com/iconfont/style.css]
[fonts.googleapis.com/css533c.css]
[fonts.googleapis.com/cssb2f0.css]
[powerupsolarengineering.com/about.html]
[powerupsolarengineering.com/images/solar/hero-rooftop-home.jpg]
[powerupsolarengineering.com/images/solar/placeholder.svg]
[powerupsolarengineering.com/images/solar/rooftop-residential.jpg]
[powerupsolarengineering.com/images/solar/rooftop-commercial.jpg]
[powerupsolarengineering.com/images/solar/off-grid-system.jpg]
[powerupsolarengineering.com/images/solar/solar-water-pump.jpg]
[powerupsolarengineering.com/images/solar/ev-charger.jpg]
[powerupsolarengineering.com/images/solar/solar-om.jpg]
[powerupsolarengineering.com/solar.html]
[powerupsolarengineering.com/images/solar/subsidy-paperwork.jpg]
[powerupsolarengineering.com/images/solar/energy-audit.jpg]
[powerupsolarengineering.com/images/solar/solar-street-light.jpg]
[powerupsolarengineering.com/images/category-img-01.jpg]
[powerupsolarengineering.com/images/category-img-02.jpg]
[powerupsolarengineering.com/images/category-img-03.jpg]
[powerupsolarengineering.com/images/category-img-04.jpg]
[powerupsolarengineering.com/images/category-img-05.jpg]
[powerupsolarengineering.com/images/category-img-06.jpg]
[powerupsolarengineering.com/services.html]
[powerupsolarengineering.com/images/gallery/gallery-img-thumb-01.jpg]
[powerupsolarengineering.com/images/gallery/gallery-img-01.jpg]
[powerupsolarengineering.com/images/gallery/gallery-img-thumb-02.jpg]
[powerupsolarengineering.com/images/gallery/gallery-img-02.jpg]
[powerupsolarengineering.com/images/gallery/gallery-img-thumb-03.jpg]
[powerupsolarengineering.com/images/gallery/gallery-img-03.jpg]
[powerupsolarengineering.com/images/gallery/gallery-img-thumb-04.jpg]
[powerupsolarengineering.com/images/gallery/gallery-img-04.jpg]
[powerupsolarengineering.com/images/gallery/gallery-img-thumb-05.jpg]
[powerupsolarengineering.com/images/gallery/gallery-img-05.jpg]
[powerupsolarengineering.com/images/gallery/gallery-img-thumb-06.jpg]
[powerupsolarengineering.com/images/gallery/gallery-img-06.jpg]
[powerupsolarengineering.com/images/gallery/gallery-img-thumb-07.jpg]
[powerupsolarengineering.com/images/gallery/gallery-img-07.jpg]
[powerupsolarengineering.com/images/gallery/gallery-img-thumb-08.jpg]
[powerupsolarengineering.com/images/gallery/gallery-img-08.jpg]
[powerupsolarengineering.com/images/gallery/gallery-img-thumb-09.jpg]
[powerupsolarengineering.com/images/gallery/gallery-img-09.jpg]
[powerupsolarengineering.com/images/gallery/gallery-img-thumb-10.jpg]
[powerupsolarengineering.com/images/gallery/gallery-img-10.jpg]
[powerupsolarengineering.com/images/gallery/gallery-img-thumb-11.jpg]
[powerupsolarengineering.com/images/gallery/gallery-img-11.jpg]
[powerupsolarengineering.com/images/gallery/gallery-img-thumb-12.jpg]
[powerupsolarengineering.com/images/gallery/gallery-img-12.jpg]
[powerupsolarengineering.com/gallery.html]
[powerupsolarengineering.com/safety.html]
[powerupsolarengineering.com/js/plugins/jquery.form.js]
[powerupsolarengineering.com/js/plugins/jquery.validate.min.js]
[powerupsolarengineering.com/contact.html]
[powerupsolarengineering.com/css/plugins/family-tree.css]
[powerupsolarengineering.com/css/plugins/slickmap/slickmap.css]
[powerupsolarengineering.com/clients.html]
[powerupsolarengineering.com/faq.html]
[powerupsolarengineering.com/images/solar/tata-power-solar-logo.svg]
[powerupsolarengineering.com/css/fonts/glyphicons-halflings-regular.html]
[powerupsolarengineering.com/css/fonts/glyphicons-halflings-regulard41d.html]
[powerupsolarengineering.com/css/fonts/glyphicons-halflings-regular-2.html]
[powerupsolarengineering.com/css/fonts/glyphicons-halflings-regular-3.html]
[powerupsolarengineering.com/css/fonts/glyphicons-halflings-regular-4.html]
[powerupsolarengineering.com/css/fonts/glyphicons-halflings-regular-5.html]
[powerupsolarengineering.com/css/plugins/font-awesome-4.7.0/fonts/fontawesome-webfont3e6e.svg]
[powerupsolarengineering.com/iconfont/fonts/Electrician255b.svg]
[powerupsolarengineering.com/images/solar/hero-rooftop-home.html]
[powerupsolarengineering.com/images/solar/placeholder.svg]
[powerupsolarengineering.com/images/solar/rooftop-residential.html]
[powerupsolarengineering.com/images/solar/rooftop-commercial.html]
[powerupsolarengineering.com/images/solar/off-grid-system.html]
[powerupsolarengineering.com/images/solar/solar-water-pump.html]
[powerupsolarengineering.com/images/solar/ev-charger.html]
[powerupsolarengineering.com/images/solar/solar-om.html]
[powerupsolarengineering.com/images/solar/subsidy-paperwork.html]
[powerupsolarengineering.com/images/solar/energy-audit.html]
[powerupsolarengineering.com/images/solar/solar-street-light.html]
[powerupsolarengineering.com/css/plugins/family-tree.css]
[powerupsolarengineering.com/css/plugins/slickmap/images/L1-center-reverse.png]
[powerupsolarengineering.com/css/plugins/slickmap/images/L1-right-reverse.png]
[powerupsolarengineering.com/css/plugins/slickmap/images/vertical-line.png]
[powerupsolarengineering.com/css/plugins/slickmap/images/white-highlight.png]
[powerupsolarengineering.com/css/plugins/slickmap/images/L1-right.png]
[powerupsolarengineering.com/css/plugins/slickmap/slickmap.css]
